C:\materija\RA122-2015\lab3\implementation\system.ngc 1521802529
C:/materija/RA122-2015/lab3/implementation/system_dip_switches_wrapper.ngc 1521802481
C:/materija/RA122-2015/lab3/implementation/system_my_peripheral_0_wrapper.ngc 1521802519
C:/materija/RA122-2015/lab3/implementation/system_rs232_wrapper.ngc 1521802481
C:/materija/RA122-2015/lab3/implementation/system_proc_sys_reset_0_wrapper.ngc 1521802481
C:/materija/RA122-2015/lab3/implementation/system_clock_generator_0_wrapper.ngc 1521802513
C:/materija/RA122-2015/lab3/implementation/system_microblaze_0_ilmb_wrapper.ngc 1521802481
C:/materija/RA122-2015/lab3/implementation/system_microblaze_0_dlmb_wrapper.ngc 1521802481
C:/materija/RA122-2015/lab3/implementation/system_axi4lite_0_wrapper.ngc 1521802516
C:/materija/RA122-2015/lab3/implementation/system_microblaze_0_wrapper.ngc 1521802481
C:/materija/RA122-2015/lab3/implementation/system_microblaze_0_i_bram_ctrl_wrapper.ngc 1521802481
C:/materija/RA122-2015/lab3/implementation/system_microblaze_0_d_bram_ctrl_wrapper.ngc 1521802481
C:/materija/RA122-2015/lab3/implementation/system_debug_module_wrapper.ngc 1521802481
C:/materija/RA122-2015/lab3/implementation/system_microblaze_0_bram_block_wrapper.ngc 1521802481
OK
